// Jest Snapshot v1, https://goo.gl/fbAQLP

exports[`Award should render correctly in "debug" mode 1`] = `
<ContextConsumer>
  <Component />
</ContextConsumer>
`;

exports[`Award should render correctly with no props 1`] = `
<ContextConsumer>
  <Component />
</ContextConsumer>
`;
